// Bun Snapshot v1, https://goo.gl/fbAQLP

exports[`GetGraphqlSchema should return a valid json graphql schema 1`] = `
[
  
"enum Role {
	Admin,
	User
}"
,
  
"enum Provider {
	Google,
	X
}"
,
  "scalar Phone",
  "scalar Email",
  
"type Query {
	"""
	Get a user by id
	"""
	findOneUser(id: ID): User
	"""
	Get a list of users
	"""
	findManyUser(where: UserWhereInput): [UserConnection!]
}"
,
  
"type Mutation {
	"""
	Create a user
	"""
	createOneUser(age: Int, name: String, nonNullArrayOfNonNullType: [String!]!): User
	"""
	Create a list of users
	"""
	createManyUser(name: String, age: Int): [User!]!
	"""
	Create a list of users
	"""
	createManyUserWithOnlyTypeRequired(name: String, age: Int): User!
}"
,
  
"type Query {
	findOneUser: User
	findManyUser: [UserConnection!]
}
type Mutation {
	createOneUser: User
	createManyUser: [User!]!
	createManyUserWithOnlyTypeRequired: User!
}
type User {
	id: ID
	name: String
}
type UserConnection {
	edges: UserEdge
}"
,
  
"input UserWhereInput {
	id: ID
	name: String
	nonNullListOfNonNullInput: [NonNullField!]!
}"
,
]
`;
